Archive member included because of file (symbol)

c:/arm/gnu tools arm embedded/4.9 2014q4/bin/../lib/gcc/arm-none-eabi/4.9.3/../../../../arm-none-eabi/lib/armv7e-m\libg.a(lib_a-errno.o)
                              ./libs/misc/src/_sbrk.o (__errno)
c:/arm/gnu tools arm embedded/4.9 2014q4/bin/../lib/gcc/arm-none-eabi/4.9.3/../../../../arm-none-eabi/lib/armv7e-m\libg.a(lib_a-impure.o)
                              c:/arm/gnu tools arm embedded/4.9 2014q4/bin/../lib/gcc/arm-none-eabi/4.9.3/../../../../arm-none-eabi/lib/armv7e-m\libg.a(lib_a-errno.o) (_impure_ptr)

Discarded input sections

 .group         0x00000000        0x8 ./src/i2c/stm32f4_i2c_Driver.o
 .group         0x00000000        0x8 ./src/i2c/stm32f4_i2c_Driver.o
 .group         0x00000000        0x8 ./src/i2c/stm32f4_i2c_Driver.o
 .group         0x00000000        0x8 ./src/i2c/stm32f4_i2c_Driver.o
 .group         0x00000000        0x8 ./src/i2c/stm32f4_i2c_Driver.o
 .group         0x00000000        0x8 ./src/i2c/stm32f4_i2c_Driver.o
 .group         0x00000000        0x8 ./src/i2c/stm32f4_i2c_Driver.o
 .group         0x00000000        0x8 ./src/i2c/stm32f4_i2c_Driver.o
 .group         0x00000000        0x8 ./src/i2c/stm32f4_i2c_Driver.o
 .group         0x00000000        0x8 ./src/i2c/stm32f4_i2c_Driver.o
 .group         0x00000000        0x8 ./src/i2c/stm32f4_i2c_Driver.o
 .group         0x00000000        0x8 ./src/i2c/stm32f4_i2c_Driver.o
 .group         0x00000000        0x8 ./src/i2c/stm32f4_i2c_Driver.o
 .group         0x00000000        0x8 ./src/i2c/stm32f4_i2c_Driver.o
 .group         0x00000000        0x8 ./src/i2c/stm32f4_i2c_Driver.o
 .group         0x00000000        0x8 ./src/i2c/stm32f4_i2c_Driver.o
 .group         0x00000000        0x8 ./src/i2c/stm32f4_i2c_Driver.o
 .group         0x00000000        0x8 ./src/i2c/stm32f4_i2c_Driver.o
 .group         0x00000000        0x8 ./src/i2c/stm32f4_i2c_Driver.o
 .group         0x00000000        0x8 ./src/i2c/stm32f4_i2c_Driver.o
 .group         0x00000000        0x8 ./src/i2c/stm32f4_i2c_Driver.o
 .group         0x00000000        0x8 ./src/i2c/stm32f4_i2c_Driver.o
 .group         0x00000000        0x8 ./src/i2c/stm32f4_i2c_Driver.o
 .group         0x00000000        0x8 ./src/i2c/stm32f4_i2c_Driver.o
 .group         0x00000000        0x8 ./src/i2c/stm32f4_i2c_Driver.o
 .group         0x00000000        0x8 ./src/i2c/stm32f4_i2c_Driver.o
 .group         0x00000000        0x8 ./src/i2c/stm32f4_i2c_Driver.o
 .group         0x00000000        0x8 ./src/i2c/stm32f4_i2c_Driver.o
 .group         0x00000000        0x8 ./src/i2c/stm32f4_i2c_Driver.o
 .group         0x00000000        0x8 ./src/i2c/stm32f4_i2c_Driver.o
 .group         0x00000000        0x8 ./src/i2c/stm32f4_i2c_Driver.o
 .group         0x00000000        0x8 ./src/i2c/stm32f4_i2c_Driver.o
 .group         0x00000000        0x8 ./src/i2c/stm32f4_i2c_Driver.o
 .group         0x00000000        0x8 ./src/i2c/stm32f4_i2c_Driver.o
 .group         0x00000000        0x8 ./src/i2c/stm32f4_i2c_Driver.o
 .group         0x00000000        0x8 ./src/i2c/stm32f4_i2c_Driver.o
 .group         0x00000000        0x8 ./src/i2c/stm32f4_i2c_Driver.o
 .group         0x00000000        0x8 ./src/i2c/stm32f4_i2c_Driver.o
 .text          0x00000000        0x0 ./src/i2c/stm32f4_i2c_Driver.o
 .data          0x00000000        0x0 ./src/i2c/stm32f4_i2c_Driver.o
 .bss           0x00000000        0x0 ./src/i2c/stm32f4_i2c_Driver.o
 .text.STM32F4_I2C_ReadByte
                0x00000000       0x68 ./src/i2c/stm32f4_i2c_Driver.o
 .text.STM32F4_I2C_WriteByte
                0x00000000       0x78 ./src/i2c/stm32f4_i2c_Driver.o
 .text.I2C_CleanADDRandSTOPF
                0x00000000       0x5c ./src/i2c/stm32f4_i2c_Driver.o
 .group         0x00000000        0x8 ./src/STM32F4_LiquidCrystal_Driver.o
 .group         0x00000000        0x8 ./src/STM32F4_LiquidCrystal_Driver.o
 .group         0x00000000        0x8 ./src/STM32F4_LiquidCrystal_Driver.o
 .group         0x00000000        0x8 ./src/STM32F4_LiquidCrystal_Driver.o
 .group         0x00000000        0x8 ./src/STM32F4_LiquidCrystal_Driver.o
 .group         0x00000000        0x8 ./src/STM32F4_LiquidCrystal_Driver.o
 .group         0x00000000        0x8 ./src/STM32F4_LiquidCrystal_Driver.o
 .group         0x00000000        0x8 ./src/STM32F4_LiquidCrystal_Driver.o
 .group         0x00000000        0x8 ./src/STM32F4_LiquidCrystal_Driver.o
 .group         0x00000000        0x8 ./src/STM32F4_LiquidCrystal_Driver.o
 .group         0x00000000        0x8 ./src/STM32F4_LiquidCrystal_Driver.o
 .group         0x00000000        0x8 ./src/STM32F4_LiquidCrystal_Driver.o
 .group         0x00000000        0x8 ./src/STM32F4_LiquidCrystal_Driver.o
 .group         0x00000000        0x8 ./src/STM32F4_LiquidCrystal_Driver.o
 .group         0x00000000        0x8 ./src/STM32F4_LiquidCrystal_Driver.o
 .group         0x00000000        0x8 ./src/STM32F4_LiquidCrystal_Driver.o
 .group         0x00000000        0x8 ./src/STM32F4_LiquidCrystal_Driver.o
[...]
Memory Configuration

Name             Origin             Length             Attributes
RAM              0x20000000         0x00020000         xrw
CCMRAM           0x10000000         0x00010000         xrw
FLASH            0x08000000         0x00100000         xr
FLASHB1          0x00000000         0x00000000         xr
EXTMEMB0         0x00000000         0x00000000         xr
EXTMEMB1         0x00000000         0x00000000         xr
EXTMEMB2         0x00000000         0x00000000         xr
EXTMEMB3         0x00000000         0x00000000         xr
MEMORY_ARRAY     0x20002000         0x00000020         xrw
*default*        0x00000000         0xffffffff

Linker script and memory map

LOAD ./src/i2c/stm32f4_i2c_Driver.o
LOAD ./src/STM32F4_LiquidCrystal_Driver.o
LOAD ./src/STM32F4_UART_Driver.o
LOAD ./src/main.o
LOAD ./libs/misc/src/_sbrk.o
LOAD ./libs/misc/src/_write.o
LOAD ./libs/misc/src/trace_impl.o
LOAD ./libs/StdPeriph/src/misc.o
LOAD ./libs/StdPeriph/src/stm32f4xx_adc.o
LOAD ./libs/StdPeriph/src/stm32f4xx_can.o
LOAD ./libs/StdPeriph/src/stm32f4xx_crc.o
LOAD ./libs/StdPeriph/src/stm32f4xx_cryp.o
LOAD ./libs/StdPeriph/src/stm32f4xx_cryp_aes.o
LOAD ./libs/StdPeriph/src/stm32f4xx_cryp_des.o
LOAD ./libs/StdPeriph/src/stm32f4xx_cryp_tdes.o
LOAD ./libs/StdPeriph/src/stm32f4xx_dac.o
LOAD ./libs/StdPeriph/src/stm32f4xx_dbgmcu.o
LOAD ./libs/StdPeriph/src/stm32f4xx_dcmi.o
LOAD ./libs/StdPeriph/src/stm32f4xx_dma.o
LOAD ./libs/StdPeriph/src/stm32f4xx_dma2d.o
LOAD ./libs/StdPeriph/src/stm32f4xx_exti.o
LOAD ./libs/StdPeriph/src/stm32f4xx_flash.o
LOAD ./libs/StdPeriph/src/stm32f4xx_fmc.o
LOAD ./libs/StdPeriph/src/stm32f4xx_fsmc.o
LOAD ./libs/StdPeriph/src/stm32f4xx_gpio.o
LOAD ./libs/StdPeriph/src/stm32f4xx_hash.o
LOAD ./libs/StdPeriph/src/stm32f4xx_hash_md5.o
LOAD ./libs/StdPeriph/src/stm32f4xx_hash_sha1.o
LOAD ./libs/StdPeriph/src/stm32f4xx_i2c.o
LOAD ./libs/StdPeriph/src/stm32f4xx_iwdg.o
LOAD ./libs/StdPeriph/src/stm32f4xx_ltdc.o
LOAD ./libs/StdPeriph/src/stm32f4xx_pwr.o
LOAD ./libs/StdPeriph/src/stm32f4xx_rcc.o
LOAD ./libs/StdPeriph/src/stm32f4xx_rng.o
LOAD ./libs/StdPeriph/src/stm32f4xx_rtc.o
LOAD ./libs/StdPeriph/src/stm32f4xx_sai.o
LOAD ./libs/StdPeriph/src/stm32f4xx_sdio.o
LOAD ./libs/StdPeriph/src/stm32f4xx_spi.o
LOAD ./libs/StdPeriph/src/stm32f4xx_syscfg.o
LOAD ./libs/StdPeriph/src/stm32f4xx_tim.o
LOAD ./libs/StdPeriph/src/stm32f4xx_usart.o
LOAD ./libs/StdPeriph/src/stm32f4xx_wwdg.o
LOAD ./libs/CMSIS/src/startup_cm.o
LOAD ./libs/CMSIS/src/startup_stm32f4xx.o
LOAD ./libs/CMSIS/src/system_stm32f4xx.o
LOAD ./libs/CMSIS/src/vectors_stm32f4xx.o
START GROUP
LOAD c:/arm/gnu tools arm embedded/4.9 2014q4/bin/../lib/gcc/arm-none-eabi/4.9.3/armv7e-m\libgcc.a
LOAD c:/arm/gnu tools arm embedded/4.9 2014q4/bin/../lib/gcc/arm-none-eabi/4.9.3/../../../../arm-none-eabi/lib/armv7e-m\libg.a
LOAD c:/arm/gnu tools arm embedded/4.9 2014q4/bin/../lib/gcc/arm-none-eabi/4.9.3/../../../../arm-none-eabi/lib/armv7e-m\libc.a
END GROUP
START GROUP
LOAD c:/arm/gnu tools arm embedded/4.9 2014q4/bin/../lib/gcc/arm-none-eabi/4.9.3/armv7e-m\libgcc.a
LOAD c:/arm/gnu tools arm embedded/4.9 2014q4/bin/../lib/gcc/arm-none-eabi/4.9.3/../../../../arm-none-eabi/lib/armv7e-m\libg.a
LOAD c:/arm/gnu tools arm embedded/4.9 2014q4/bin/../lib/gcc/arm-none-eabi/4.9.3/../../../../arm-none-eabi/lib/armv7e-m\libc.a
LOAD c:/arm/gnu tools arm embedded/4.9 2014q4/bin/../lib/gcc/arm-none-eabi/4.9.3/../../../../arm-none-eabi/lib/armv7e-m\libm.a
LOAD c:/arm/gnu tools arm embedded/4.9 2014q4/bin/../lib/gcc/arm-none-eabi/4.9.3/../../../../arm-none-eabi/lib/armv7e-m\libnosys.a
END GROUP
                0x20020000                __stack = (ORIGIN (RAM) + 0x20000)
                0x20020000                _estack = __stack
                0x00000400                __Main_Stack_Size = 0x400
                0x00000400                PROVIDE (_Main_Stack_Size, __Main_Stack_Size)
                0x2001fc00                __Main_Stack_Limit = (__stack - __Main_Stack_Size)
                0x2001fc00                PROVIDE (_Main_Stack_Limit, __Main_Stack_Limit)
                0x00000100                _Minimum_Stack_Size = 0x100
                0x20000010                PROVIDE (_Heap_Begin, _end_noinit)
                0x2001fc00                PROVIDE (_Heap_Limit, (__stack - _Main_Stack_Size))

.isr_vector     0x08000000      0x264
                0x08000000                . = ALIGN (0x4)
 *(.isr_vector)
 .isr_vector    0x08000000      0x188 ./libs/CMSIS/src/vectors_stm32f4xx.o
                0x08000000                g_pfnVectors
 *(.after_vectors .after_vectors.*)
 .after_vectors
                0x08000188       0x8c ./libs/CMSIS/src/startup_cm.o
                0x08000188                Reset_Handler
                0x080001cc                system_init
 .after_vectors
                0x08000214       0x50 ./libs/CMSIS/src/vectors_stm32f4xx.o
                0x08000214                RTC_Alarm_IRQHandler
                0x08000214                HASH_RNG_IRQHandler
                0x08000214                EXTI2_IRQHandler
                0x08000214                TIM8_CC_IRQHandler
                0x08000214                DMA2_Stream6_IRQHandler
                0x08000214                TIM1_CC_IRQHandler
                0x08000214                DMA2_Stream5_IRQHandler
                0x08000214                I2C1_ER_IRQHandler
                0x08000214                DMA1_Stream5_IRQHandler
                0x08000214                DMA1_Stream4_IRQHandler
                0x08000214                PVD_IRQHandler
                0x08000214                SDIO_IRQHandler
                0x08000214                TAMP_STAMP_IRQHandler
                0x08000214                SPI3_IRQHandler
                0x08000214                OTG_FS_IRQHandler
                0x08000214                CAN2_RX1_IRQHandler
                0x08000214                EXTI3_IRQHandler
                0x08000214                TIM8_TRG_COM_TIM14_IRQHandler
                0x08000214                TIM1_UP_TIM10_IRQHandler
                0x08000214                TIM8_UP_TIM13_IRQHandler
                0x08000214                I2C3_ER_IRQHandler
                0x08000214                EXTI0_IRQHandler
                0x08000214                I2C2_EV_IRQHandler
                0x08000214                DMA1_Stream2_IRQHandler
                0x08000214                CAN1_RX0_IRQHandler
                0x08000214                FPU_IRQHandler
                0x08000214                OTG_HS_WKUP_IRQHandler
                0x08000214                USART1_IRQHandler
                0x08000214                CAN2_SCE_IRQHandler
                0x08000214                DMA2_Stream2_IRQHandler
                0x08000214                SPI1_IRQHandler
                0x08000214                TIM6_DAC_IRQHandler
                0x08000214                TIM1_BRK_TIM9_IRQHandler
                0x08000214                DCMI_IRQHandler
                0x08000214                CAN2_RX0_IRQHandler
                0x08000214                DMA2_Stream3_IRQHandler
                0x08000214                USART6_IRQHandler
                0x08000214                USART3_IRQHandler
                0x08000214                CRYP_IRQHandler
                0x08000214                CAN1_RX1_IRQHandler
                0x08000214                UART5_IRQHandler
                0x08000214                DMA2_Stream0_IRQHandler
                0x08000214                TIM4_IRQHandler
                0x08000214                I2C1_EV_IRQHandler
                0x08000214                DMA1_Stream6_IRQHandler
                0x08000214                DMA1_Stream1_IRQHandler
                0x08000214                UART4_IRQHandler
                0x08000214                TIM3_IRQHandler
                0x08000214                RCC_IRQHandler
                0x08000214                TIM8_BRK_TIM12_IRQHandler
                0x08000214                Default_Handler
                0x08000214                EXTI15_10_IRQHandler
                0x08000214                ADC_IRQHandler
                0x08000214                DMA1_Stream7_IRQHandler
                0x08000214                TIM7_IRQHandler
                0x08000214                CAN2_TX_IRQHandler
                0x08000214                TIM5_IRQHandler
                0x08000214                DMA2_Stream7_IRQHandler
                0x08000214                I2C3_EV_IRQHandler
                0x08000214                EXTI9_5_IRQHandler
                0x08000214                RTC_WKUP_IRQHandler
                0x08000214                ETH_WKUP_IRQHandler
                0x08000214                SPI2_IRQHandler
                0x08000214                OTG_HS_EP1_IN_IRQHandler
                0x08000214                DMA2_Stream4_IRQHandler
                0x08000214                DMA1_Stream0_IRQHandler
                0x08000214                CAN1_TX_IRQHandler
                0x08000214                FLASH_IRQHandler
                0x08000214                EXTI4_IRQHandler
                0x08000214                FSMC_IRQHandler
                0x08000214                ETH_IRQHandler
                0x08000214                OTG_HS_EP1_OUT_IRQHandler
                0x08000214                WWDG_IRQHandler
                0x08000214                TIM2_IRQHandler
                0x08000214                OTG_FS_WKUP_IRQHandler
                0x08000214                TIM1_TRG_COM_TIM11_IRQHandler
                0x08000214                OTG_HS_IRQHandler
                0x08000214                EXTI1_IRQHandler
                0x08000214                I2C2_ER_IRQHandler
                0x08000214                DMA2_Stream1_IRQHandler
                0x08000214                CAN1_SCE_IRQHandler
                0x08000214                DMA1_Stream3_IRQHandler
                0x0800021c                NMI_Handler
                0x08000224                HardFault_Handler
                0x0800022c                MemManage_Handler
                0x08000234                BusFault_Handler
                0x0800023c                UsageFault_Handler
                0x08000244                SVC_Handler
                0x0800024c                DebugMon_Handler
                0x08000254                PendSV_Handler
                0x0800025c                SysTick_Handler
                0x08000264                . = ALIGN (0x4)

._inits         0x08000264        0x4
                0x08000264                . = ALIGN (0x4)
 *(.init)
 *(.fini)
                0x08000264                . = ALIGN (0x4)
                0x08000264                PROVIDE (__preinit_array_start, .)
 *(.preinit_array_sysinit .preinit_array_sysinit.*)
 .preinit_array_sysinit
                0x08000264        0x4 ./libs/CMSIS/src/startup_cm.o
                0x08000264                p_system_init
 *(.preinit_array_platform .preinit_array_platform.*)
 *(.preinit_array .preinit_array.*)
                0x08000268                PROVIDE (__preinit_array_end, .)
                0x08000268                . = ALIGN (0x4)
                0x08000268                PROVIDE (__init_array_start, .)
 *(SORT(.init_array.*))
 *(.init_array)
                0x08000268                PROVIDE (__init_array_end, .)
                0x08000268                . = ALIGN (0x4)
                0x08000268                PROVIDE (__fini_array_start, .)
 *(SORT(.fini_array.*))
 *(.fini_array)
                0x08000268                PROVIDE (__fini_array_end, .)
                0x08000268                . = ALIGN (0x4)

.flashtext      0x08000268        0x0
                0x08000268                . = ALIGN (0x4)
 *(.flashtext .flashtext.*)
                0x08000268                . = ALIGN (0x4)

.text           0x08000268     0x15ac
                0x08000268                . = ALIGN (0x4)
 *(.text .text.*)
 .text.STM32F4_I2C_Init
                0x08000268      0x210 ./src/i2c/stm32f4_i2c_Driver.o
                0x08000268                STM32F4_I2C_Init
 .text.STM32F4_LiquidCrystal_Init
                0x08000478       0xa0 ./src/STM32F4_LiquidCrystal_Driver.o
                0x08000478                STM32F4_LiquidCrystal_Init
 .text.STM32F4_LiquidCrystal_ClearDisplay
                0x08000518       0x14 ./src/STM32F4_LiquidCrystal_Driver.o
                0x08000518                STM32F4_LiquidCrystal_ClearDisplay
 .text.STM32F4_LiquidCrystal_ReturnHome
                0x0800052c       0x14 ./src/STM32F4_LiquidCrystal_Driver.o
                0x0800052c                STM32F4_LiquidCrystal_ReturnHome
 .text.STM32F4_LiquidCrystal_DisplayControl
                0x08000540       0x50 ./src/STM32F4_LiquidCrystal_Driver.o
                0x08000540                STM32F4_LiquidCrystal_DisplayControl
 .text.STM32F4_LiquidCrystal_EntryModeSet
                0x08000590       0x40 ./src/STM32F4_LiquidCrystal_Driver.o
                0x08000590                STM32F4_LiquidCrystal_EntryModeSet
 .text.STM32F4_LiquidCrystal_WriteString
                0x080005d0       0x4c ./src/STM32F4_LiquidCrystal_Driver.o
                0x080005d0                STM32F4_LiquidCrystal_WriteString
 .text.STM32F4_LC_WriteCommand
                0x0800061c       0x20 ./src/STM32F4_LiquidCrystal_Driver.o
                0x0800061c                STM32F4_LC_WriteCommand
 .text.STM32F4_LC_Write
                0x0800063c       0x38 ./src/STM32F4_LiquidCrystal_Driver.o
                0x0800063c                STM32F4_LC_Write
 .text.STM32F4_LC_Write4Bit
                0x08000674       0x3c ./src/STM32F4_LiquidCrystal_Driver.o
                0x08000674                STM32F4_LC_Write4Bit
 .text.STM32F4_LC_PulseEnable
                0x080006b0       0x34 ./src/STM32F4_LiquidCrystal_Driver.o
                0x080006b0                STM32F4_LC_PulseEnable
 .text.STM32F4_LC_I2C_Send
                0x080006e4       0x78 ./src/STM32F4_LiquidCrystal_Driver.o
                0x080006e4                STM32F4_LC_I2C_Send
 .text.STM32F4_LC_Delay
                0x0800075c       0x30 ./src/STM32F4_LiquidCrystal_Driver.o
                0x0800075c                STM32F4_LC_Delay
 .text.STM32F4_USART_Init
                0x0800078c      0x128 ./src/STM32F4_UART_Driver.o
                0x0800078c                STM32F4_USART_Init
 .text.STM32F4_USART_SendSync
                0x080008b4       0x3c ./src/STM32F4_UART_Driver.o
                0x080008b4                STM32F4_USART_SendSync
 .text.STM32F4_USART_SendString
                0x080008f0       0x30 ./src/STM32F4_UART_Driver.o
                0x080008f0                STM32F4_USART_SendString
 .text.main     0x08000920       0x10 ./src/main.o
                0x08000920                main
 .text.setup    0x08000930       0x3c ./src/main.o
                0x08000930                setup
 .text.loop     0x0800096c        0xc ./src/main.o
                0x0800096c                loop
 .text.USART2_IRQHandler
                0x08000978       0x38 ./src/main.o
                0x08000978                USART2_IRQHandler
 .text.NVIC_Init
                0x080009b0       0xc0 ./libs/StdPeriph/src/misc.o
                0x080009b0                NVIC_Init
 .text.GPIO_Init
                0x08000a70      0x11c ./libs/StdPeriph/src/stm32f4xx_gpio.o
                0x08000a70                GPIO_Init
 .text.GPIO_PinAFConfig
                0x08000b8c       0x90 ./libs/StdPeriph/src/stm32f4xx_gpio.o
                0x08000b8c                GPIO_PinAFConfig
 .text.I2C_DeInit
                0x08000c1c       0x74 ./libs/StdPeriph/src/stm32f4xx_i2c.o
                0x08000c1c                I2C_DeInit
 .text.I2C_Init
                0x08000c90      0x184 ./libs/StdPeriph/src/stm32f4xx_i2c.o
                0x08000c90                I2C_Init
 .text.I2C_Cmd  0x08000e14       0x40 ./libs/StdPeriph/src/stm32f4xx_i2c.o
                0x08000e14                I2C_Cmd
 .text.I2C_GenerateSTART
                0x08000e54       0x40 ./libs/StdPeriph/src/stm32f4xx_i2c.o
                0x08000e54                I2C_GenerateSTART
 .text.I2C_GenerateSTOP
                0x08000e94       0x40 ./libs/StdPeriph/src/stm32f4xx_i2c.o
                0x08000e94                I2C_GenerateSTOP
 .text.I2C_Send7bitAddress
                0x08000ed4       0x3c ./libs/StdPeriph/src/stm32f4xx_i2c.o
                0x08000ed4                I2C_Send7bitAddress
 .text.I2C_AcknowledgeConfig
                0x08000f10       0x40 ./libs/StdPeriph/src/stm32f4xx_i2c.o
                0x08000f10                I2C_AcknowledgeConfig
 .text.I2C_SoftwareResetCmd
                0x08000f50       0x44 ./libs/StdPeriph/src/stm32f4xx_i2c.o
                0x08000f50                I2C_SoftwareResetCmd
 .text.I2C_StretchClockCmd
                0x08000f94       0x40 ./libs/StdPeriph/src/stm32f4xx_i2c.o
                0x08000f94                I2C_StretchClockCmd
 .text.I2C_SendData
                0x08000fd4       0x20 ./libs/StdPeriph/src/stm32f4xx_i2c.o
                0x08000fd4                I2C_SendData
 .text.I2C_ITConfig
                0x08000ff4       0x48 ./libs/StdPeriph/src/stm32f4xx_i2c.o
                0x08000ff4                I2C_ITConfig
 .text.I2C_CheckEvent
                0x0800103c       0x60 ./libs/StdPeriph/src/stm32f4xx_i2c.o
                0x0800103c                I2C_CheckEvent
 .text.RCC_GetClocksFreq
                0x0800109c      0x154 ./libs/StdPeriph/src/stm32f4xx_rcc.o
                0x0800109c                RCC_GetClocksFreq
 .text.RCC_AHB1PeriphClockCmd
                0x080011f0       0x3c ./libs/StdPeriph/src/stm32f4xx_rcc.o
                0x080011f0                RCC_AHB1PeriphClockCmd
 .text.RCC_APB1PeriphClockCmd
                0x0800122c       0x3c ./libs/StdPeriph/src/stm32f4xx_rcc.o
                0x0800122c                RCC_APB1PeriphClockCmd
 .text.RCC_APB2PeriphClockCmd
                0x08001268       0x3c ./libs/StdPeriph/src/stm32f4xx_rcc.o
                0x08001268                RCC_APB2PeriphClockCmd
 .text.RCC_APB1PeriphResetCmd
                0x080012a4       0x3c ./libs/StdPeriph/src/stm32f4xx_rcc.o
                0x080012a4                RCC_APB1PeriphResetCmd
 .text.USART_Init
                0x080012e0      0x178 ./libs/StdPeriph/src/stm32f4xx_usart.o
                0x080012e0                USART_Init
 .text.USART_Cmd
                0x08001458       0x40 ./libs/StdPeriph/src/stm32f4xx_usart.o
                0x08001458                USART_Cmd
 .text.USART_OverSampling8Cmd
                0x08001498       0x44 ./libs/StdPeriph/src/stm32f4xx_usart.o
                0x08001498                USART_OverSampling8Cmd
 .text.USART_SendData
                0x080014dc       0x24 ./libs/StdPeriph/src/stm32f4xx_usart.o
                0x080014dc                USART_SendData
 .text.USART_ReceiveData
                0x08001500       0x20 ./libs/StdPeriph/src/stm32f4xx_usart.o
                0x08001500                USART_ReceiveData
 .text.USART_ITConfig
                0x08001520       0x90 ./libs/StdPeriph/src/stm32f4xx_usart.o
                0x08001520                USART_ITConfig
 .text.USART_GetFlagStatus
                0x080015b0       0x38 ./libs/StdPeriph/src/stm32f4xx_usart.o
                0x080015b0                USART_GetFlagStatus
 .text.__libc_init_array
                0x080015e8       0x6c ./libs/CMSIS/src/startup_cm.o
                0x080015e8                __libc_init_array
 .text.__libc_fini_array
                0x08001654       0x3c ./libs/CMSIS/src/startup_cm.o
                0x08001654                __libc_fini_array
 .text._exit    0x08001690        0xc ./libs/CMSIS/src/startup_stm32f4xx.o
                0x08001690                _exit
 .text.SystemInit
                0x0800169c       0x58 ./libs/CMSIS/src/system_stm32f4xx.o
                0x0800169c                SystemInit
 .text.SetSysClock
                0x080016f4       0xf4 ./libs/CMSIS/src/system_stm32f4xx.o
 *(.rodata .rodata.*)
 .rodata        0x080017e8       0x10 ./src/STM32F4_LiquidCrystal_Driver.o
 .rodata        0x080017f8       0x1c ./src/main.o
 *(.eh_frame*)
 *(.glue_7)
 .glue_7        0x00000000        0x0 linker stubs
 *(.glue_7t)
 .glue_7t       0x00000000        0x0 linker stubs

.vfp11_veneer   0x08001814        0x0
 .vfp11_veneer  0x00000000        0x0 linker stubs

.v4_bx          0x08001814        0x0
 .v4_bx         0x00000000        0x0 linker stubs

.iplt           0x08001814        0x0
 .iplt          0x00000000        0x0 ./src/i2c/stm32f4_i2c_Driver.o

.rel.dyn        0x08001814        0x0
 .rel.iplt      0x00000000        0x0 ./src/i2c/stm32f4_i2c_Driver.o

.ARM.extab
 *(.ARM.extab* .gnu.linkonce.armextab.*)
                0x08001814                __exidx_start = .

.ARM.exidx
 *(.ARM.exidx* .gnu.linkonce.armexidx.*)
                0x08001814                __exidx_end = .
                0x08001814                . = ALIGN (0x4)
                0x08001814                _etext = .
                0x08001814                _sidata = _etext

.ROarraySection
 *(.ROarraySection .ROarraySection.*)

.data           0x20000000       0x10 load address 0x08001814
                0x20000000                . = ALIGN (0x4)
                0x20000000                _sdata = .
                0x20000000                __data_start__ = .
 *(vtable)
 *(.data .data.*)
 .data.APBAHBPrescTable
                0x20000000       0x10 ./libs/StdPeriph/src/stm32f4xx_rcc.o
                0x20000010                . = ALIGN (0x4)
                0x20000010                _edata = .
                0x20000010                __data_end__ = .

.igot.plt       0x20000010        0x0 load address 0x08001824
 .igot.plt      0x00000000        0x0 ./src/i2c/stm32f4_i2c_Driver.o

.bss            0x20000010        0x0
                0x20000010                . = ALIGN (0x4)
                0x20000010                __bss_start__ = .
                0x20000010                _sbss = .
 *(.bss .bss.*)
 *(COMMON)
                0x20000010                . = ALIGN (0x4)
                0x20000010                __bss_end__ = .
                0x20000010                _ebss = .

.noinit         0x20000010        0x0
                0x20000010                . = ALIGN (0x4)
                0x20000010                _noinit = .
 *(.noinit .noinit.*)
                0x20000010                . = ALIGN (0x4)
                0x20000010                _end_noinit = .
                0x20000010                PROVIDE (end, _end_noinit)
                0x20000010                PROVIDE (_end, _end_noinit)
                0x20000010                PROVIDE (__end, _end_noinit)
                0x20000010                PROVIDE (__end__, _end_noinit)

._check_stack   0x20000010      0x100 load address 0x08001824
                0x20000010                . = ALIGN (0x4)
                0x20000110                . = (. + _Minimum_Stack_Size)
 *fill*         0x20000010      0x100 
                0x20000110                . = ALIGN (0x4)

.bss_CCMRAM
 *(.bss.CCMRAM .bss.CCMRAM.*)

.b1text
 *(.b1text)
 *(.b1rodata)
 *(.b1rodata.*)

.eb0text
 *(.eb0text)
 *(.eb0rodata)
 *(.eb0rodata.*)

.eb1text
 *(.eb1text)
 *(.eb1rodata)
 *(.eb1rodata.*)

.eb2text
 *(.eb2text)
 *(.eb2rodata)
 *(.eb2rodata.*)

.eb3text
 *(.eb3text)
 *(.eb3rodata)
 *(.eb3rodata.*)

.stab
 *(.stab)

.stabstr
 *(.stabstr)

.stab.excl
 *(.stab.excl)

.stab.exclstr
 *(.stab.exclstr)

.stab.index
 *(.stab.index)

.stab.indexstr
 *(.stab.indexstr)

.comment        0x00000000       0x70
 *(.comment)
 .comment       0x00000000       0x70 ./src/i2c/stm32f4_i2c_Driver.o
                                 0x71 (size before relaxing)
 .comment       0x00000000       0x71 ./src/STM32F4_LiquidCrystal_Driver.o
 .comment       0x00000000       0x71 ./src/STM32F4_UART_Driver.o
 .comment       0x00000000       0x71 ./src/main.o
 .comment       0x00000000       0x71 ./libs/StdPeriph/src/misc.o
 .comment       0x00000000       0x71 ./libs/StdPeriph/src/stm32f4xx_gpio.o
 .comment       0x00000000       0x71 ./libs/StdPeriph/src/stm32f4xx_i2c.o
 .comment       0x00000000       0x71 ./libs/StdPeriph/src/stm32f4xx_rcc.o
 .comment       0x00000000       0x71 ./libs/StdPeriph/src/stm32f4xx_usart.o
 .comment       0x00000000       0x71 ./libs/CMSIS/src/startup_cm.o
 .comment       0x00000000       0x71 ./libs/CMSIS/src/startup_stm32f4xx.o
 .comment       0x00000000       0x71 ./libs/CMSIS/src/system_stm32f4xx.o
 .comment       0x00000000       0x71 ./libs/CMSIS/src/vectors_stm32f4xx.o

.ARM.attributes
                0x00000000       0x33
 .ARM.attributes
                0x00000000       0x33 ./src/i2c/stm32f4_i2c_Driver.o
 .ARM.attributes
                0x00000033       0x33 ./src/STM32F4_LiquidCrystal_Driver.o
 .ARM.attributes
                0x00000066       0x33 ./src/STM32F4_UART_Driver.o
 .ARM.attributes
                0x00000099       0x33 ./src/main.o
 .ARM.attributes
                0x000000cc       0x33 ./libs/StdPeriph/src/misc.o
 .ARM.attributes
                0x000000ff       0x33 ./libs/StdPeriph/src/stm32f4xx_gpio.o
 .ARM.attributes
                0x00000132       0x33 ./libs/StdPeriph/src/stm32f4xx_i2c.o
 .ARM.attributes
                0x00000165       0x33 ./libs/StdPeriph/src/stm32f4xx_rcc.o
 .ARM.attributes
                0x00000198       0x33 ./libs/StdPeriph/src/stm32f4xx_usart.o
 .ARM.attributes
                0x000001cb       0x33 ./libs/CMSIS/src/startup_cm.o
 .ARM.attributes
                0x000001fe       0x33 ./libs/CMSIS/src/startup_stm32f4xx.o
 .ARM.attributes
                0x00000231       0x33 ./libs/CMSIS/src/system_stm32f4xx.o
 .ARM.attributes
                0x00000264       0x33 ./libs/CMSIS/src/vectors_stm32f4xx.o

.debug
 *(.debug)

.line
 *(.line)

.debug_srcinfo
 *(.debug_srcinfo)

.debug_sfnames
 *(.debug_sfnames)

.debug_aranges  0x00000000      0x6e8
 *(.debug_aranges)
 .debug_aranges
                0x00000000       0x38 ./src/i2c/stm32f4_i2c_Driver.o
 .debug_aranges
                0x00000038       0x98 ./src/STM32F4_LiquidCrystal_Driver.o
 .debug_aranges
                0x000000d0       0x40 ./src/STM32F4_UART_Driver.o
 .debug_aranges
                0x00000110       0x38 ./src/main.o
 .debug_aranges
                0x00000148       0x40 ./libs/StdPeriph/src/misc.o
 .debug_aranges
                0x00000188       0x88 ./libs/StdPeriph/src/stm32f4xx_gpio.o
 .debug_aranges
                0x00000210      0x130 ./libs/StdPeriph/src/stm32f4xx_i2c.o
 .debug_aranges
                0x00000340      0x1b8 ./libs/StdPeriph/src/stm32f4xx_rcc.o
 .debug_aranges
                0x000004f8      0x100 ./libs/StdPeriph/src/stm32f4xx_usart.o
 .debug_aranges
                0x000005f8       0x38 ./libs/CMSIS/src/startup_cm.o
 .debug_aranges
                0x00000630       0x20 ./libs/CMSIS/src/startup_stm32f4xx.o
 .debug_aranges
                0x00000650       0x30 ./libs/CMSIS/src/system_stm32f4xx.o
 .debug_aranges
                0x00000680       0x68 ./libs/CMSIS/src/vectors_stm32f4xx.o

.debug_pubnames
 *(.debug_pubnames)

.debug_info     0x00000000     0x5345
 *(.debug_info .gnu.linkonce.wi.*)
 .debug_info    0x00000000      0x918 ./src/i2c/stm32f4_i2c_Driver.o
 .debug_info    0x00000918      0x6e6 ./src/STM32F4_LiquidCrystal_Driver.o
 .debug_info    0x00000ffe      0x7eb ./src/STM32F4_UART_Driver.o
 .debug_info    0x000017e9      0x252 ./src/main.o
 .debug_info    0x00001a3b      0x545 ./libs/StdPeriph/src/misc.o
 .debug_info    0x00001f80      0x60d ./libs/StdPeriph/src/stm32f4xx_gpio.o
 .debug_info    0x0000258d      0xb8f ./libs/StdPeriph/src/stm32f4xx_i2c.o
 .debug_info    0x0000311c      0xe0a ./libs/StdPeriph/src/stm32f4xx_rcc.o
 .debug_info    0x00003f26      0x9ca ./libs/StdPeriph/src/stm32f4xx_usart.o
 .debug_info    0x000048f0      0x29c ./libs/CMSIS/src/startup_cm.o
 .debug_info    0x00004b8c       0xc0 ./libs/CMSIS/src/startup_stm32f4xx.o
 .debug_info    0x00004c4c      0x5c4 ./libs/CMSIS/src/system_stm32f4xx.o
 .debug_info    0x00005210      0x135 ./libs/CMSIS/src/vectors_stm32f4xx.o

.debug_abbrev   0x00000000     0x1057
 *(.debug_abbrev)
 .debug_abbrev  0x00000000      0x175 ./src/i2c/stm32f4_i2c_Driver.o
 .debug_abbrev  0x00000175      0x176 ./src/STM32F4_LiquidCrystal_Driver.o
 .debug_abbrev  0x000002eb      0x15f ./src/STM32F4_UART_Driver.o
 .debug_abbrev  0x0000044a      0x129 ./src/main.o
 .debug_abbrev  0x00000573      0x14a ./libs/StdPeriph/src/misc.o
 .debug_abbrev  0x000006bd      0x1a8 ./libs/StdPeriph/src/stm32f4xx_gpio.o
 .debug_abbrev  0x00000865      0x169 ./libs/StdPeriph/src/stm32f4xx_i2c.o
 .debug_abbrev  0x000009ce      0x1bf ./libs/StdPeriph/src/stm32f4xx_rcc.o
 .debug_abbrev  0x00000b8d      0x15a ./libs/StdPeriph/src/stm32f4xx_usart.o
 .debug_abbrev  0x00000ce7      0x128 ./libs/CMSIS/src/startup_cm.o
 .debug_abbrev  0x00000e0f       0x7b ./libs/CMSIS/src/startup_stm32f4xx.o
 .debug_abbrev  0x00000e8a      0x13b ./libs/CMSIS/src/system_stm32f4xx.o
 .debug_abbrev  0x00000fc5       0x92 ./libs/CMSIS/src/vectors_stm32f4xx.o

.debug_line     0x00000000     0x43dd
 *(.debug_line)
 .debug_line    0x00000000      0x532 ./src/i2c/stm32f4_i2c_Driver.o
 .debug_line    0x00000532      0x662 ./src/STM32F4_LiquidCrystal_Driver.o
 .debug_line    0x00000b94      0x4fe ./src/STM32F4_UART_Driver.o
 .debug_line    0x00001092      0x598 ./src/main.o
 .debug_line    0x0000162a      0x4b6 ./libs/StdPeriph/src/misc.o
 .debug_line    0x00001ae0      0x5b0 ./libs/StdPeriph/src/stm32f4xx_gpio.o
 .debug_line    0x00002090      0x75a ./libs/StdPeriph/src/stm32f4xx_i2c.o
 .debug_line    0x000027ea      0x8b0 ./libs/StdPeriph/src/stm32f4xx_rcc.o
 .debug_line    0x0000309a      0x6fb ./libs/StdPeriph/src/stm32f4xx_usart.o
 .debug_line    0x00003795      0x270 ./libs/CMSIS/src/startup_cm.o
 .debug_line    0x00003a05      0x467 ./libs/CMSIS/src/startup_stm32f4xx.o
 .debug_line    0x00003e6c      0x4de ./libs/CMSIS/src/system_stm32f4xx.o
 .debug_line    0x0000434a       0x93 ./libs/CMSIS/src/vectors_stm32f4xx.o

.debug_frame    0x00000000     0x1bb4
 *(.debug_frame)
 .debug_frame   0x00000000       0xa4 ./src/i2c/stm32f4_i2c_Driver.o
 .debug_frame   0x000000a4      0x23c ./src/STM32F4_LiquidCrystal_Driver.o
 .debug_frame   0x000002e0       0xc4 ./src/STM32F4_UART_Driver.o
 .debug_frame   0x000003a4       0x94 ./src/main.o
 .debug_frame   0x00000438       0xd8 ./libs/StdPeriph/src/misc.o
 .debug_frame   0x00000510      0x23c ./libs/StdPeriph/src/stm32f4xx_gpio.o
 .debug_frame   0x0000074c      0x580 ./libs/StdPeriph/src/stm32f4xx_i2c.o
 .debug_frame   0x00000ccc      0x814 ./libs/StdPeriph/src/stm32f4xx_rcc.o
 .debug_frame   0x000014e0      0x490 ./libs/StdPeriph/src/stm32f4xx_usart.o
 .debug_frame   0x00001970       0x9c ./libs/CMSIS/src/startup_cm.o
 .debug_frame   0x00001a0c       0x2c ./libs/CMSIS/src/startup_stm32f4xx.o
 .debug_frame   0x00001a38       0x7c ./libs/CMSIS/src/system_stm32f4xx.o
 .debug_frame   0x00001ab4      0x100 ./libs/CMSIS/src/vectors_stm32f4xx.o

.debug_str      0x00000000    0x63298
 *(.debug_str)
 .debug_str     0x00000000    0x5ddbd ./src/i2c/stm32f4_i2c_Driver.o
                              0x5dfb3 (size before relaxing)
 .debug_str     0x0005ddbd      0x678 ./src/STM32F4_LiquidCrystal_Driver.o
                              0x5dd37 (size before relaxing)
 .debug_str     0x0005e435      0x3aa ./src/STM32F4_UART_Driver.o
                              0x5dfa4 (size before relaxing)
 .debug_str     0x0005e7df     0x2ed4 ./src/main.o
                              0x60a0f (size before relaxing)
 .debug_str     0x000616b3      0x1c5 ./libs/StdPeriph/src/misc.o
                              0x5d6e5 (size before relaxing)
 .debug_str     0x00061878      0x185 ./libs/StdPeriph/src/stm32f4xx_gpio.o
                              0x5d78d (size before relaxing)
 .debug_str     0x000619fd      0x41c ./libs/StdPeriph/src/stm32f4xx_i2c.o
                              0x5da03 (size before relaxing)
 .debug_str     0x00061e19      0xcb2 ./libs/StdPeriph/src/stm32f4xx_rcc.o
                              0x5e249 (size before relaxing)
 .debug_str     0x00062acb      0x4a0 ./libs/StdPeriph/src/stm32f4xx_usart.o
                              0x5daa0 (size before relaxing)
 .debug_str     0x00062f6b      0x133 ./libs/CMSIS/src/startup_cm.o
                               0x3593 (size before relaxing)
 .debug_str     0x0006309e       0x2c ./libs/CMSIS/src/startup_stm32f4xx.o
                              0x5d464 (size before relaxing)
 .debug_str     0x000630ca       0xf3 ./libs/CMSIS/src/system_stm32f4xx.o
                              0x5d6fc (size before relaxing)
 .debug_str     0x000631bd       0xdb ./libs/CMSIS/src/vectors_stm32f4xx.o
                               0x25b7 (size before relaxing)

.debug_loc
 *(.debug_loc)

.debug_macinfo
 *(.debug_macinfo)

.debug_weaknames
 *(.debug_weaknames)

.debug_funcnames
 *(.debug_funcnames)

.debug_typenames
 *(.debug_typenames)

.debug_varnames
 *(.debug_varnames)
OUTPUT(STM32F4_LiquidCrystal.elf elf32-littlearm)

.debug_ranges   0x00000000      0x618
 .debug_ranges  0x00000000       0x28 ./src/i2c/stm32f4_i2c_Driver.o
 .debug_ranges  0x00000028       0x88 ./src/STM32F4_LiquidCrystal_Driver.o
 .debug_ranges  0x000000b0       0x30 ./src/STM32F4_UART_Driver.o
 .debug_ranges  0x000000e0       0x28 ./src/main.o
 .debug_ranges  0x00000108       0x30 ./libs/StdPeriph/src/misc.o
 .debug_ranges  0x00000138       0x78 ./libs/StdPeriph/src/stm32f4xx_gpio.o
 .debug_ranges  0x000001b0      0x120 ./libs/StdPeriph/src/stm32f4xx_i2c.o
 .debug_ranges  0x000002d0      0x1a8 ./libs/StdPeriph/src/stm32f4xx_rcc.o
 .debug_ranges  0x00000478       0xf0 ./libs/StdPeriph/src/stm32f4xx_usart.o
 .debug_ranges  0x00000568       0x28 ./libs/CMSIS/src/startup_cm.o
 .debug_ranges  0x00000590       0x10 ./libs/CMSIS/src/startup_stm32f4xx.o
 .debug_ranges  0x000005a0       0x20 ./libs/CMSIS/src/system_stm32f4xx.o
 .debug_ranges  0x000005c0       0x58 ./libs/CMSIS/src/vectors_stm32f4xx.o

.debug_macro    0x00000000    0x11239
 .debug_macro   0x00000000      0x1ad ./src/i2c/stm32f4_i2c_Driver.o
 .debug_macro   0x000001ad      0x886 ./src/i2c/stm32f4_i2c_Driver.o
 .debug_macro   0x00000a33       0x5e ./src/i2c/stm32f4_i2c_Driver.o
 .debug_macro   0x00000a91       0x3b ./src/i2c/stm32f4_i2c_Driver.o
 .debug_macro   0x00000acc       0x22 ./src/i2c/stm32f4_i2c_Driver.o
 .debug_macro   0x00000aee       0x44 ./src/i2c/stm32f4_i2c_Driver.o
 .debug_macro   0x00000b32       0x1c ./src/i2c/stm32f4_i2c_Driver.o
 .debug_macro   0x00000b4e      0x1f7 ./src/i2c/stm32f4_i2c_Driver.o
 .debug_macro   0x00000d45       0x2d ./src/i2c/stm32f4_i2c_Driver.o
 .debug_macro   0x00000d72       0x42 ./src/i2c/stm32f4_i2c_Driver.o
 .debug_macro   0x00000db4      0xd39 ./src/i2c/stm32f4_i2c_Driver.o
 .debug_macro   0x00001aed     0x8bb0 ./src/i2c/stm32f4_i2c_Driver.o
 .debug_macro   0x0000a69d      0x44f ./src/i2c/stm32f4_i2c_Driver.o
 .debug_macro   0x0000aaec       0xb2 ./src/i2c/stm32f4_i2c_Driver.o
 .debug_macro   0x0000ab9e      0x477 ./src/i2c/stm32f4_i2c_Driver.o
 .debug_macro   0x0000b015       0xae ./src/i2c/stm32f4_i2c_Driver.o
 .debug_macro   0x0000b0c3      0x41c ./src/i2c/stm32f4_i2c_Driver.o
 .debug_macro   0x0000b4df      0x2bc ./src/i2c/stm32f4_i2c_Driver.o
 .debug_macro   0x0000b79b      0x2bb ./src/i2c/stm32f4_i2c_Driver.o
 .debug_macro   0x0000ba56       0x64 ./src/i2c/stm32f4_i2c_Driver.o
 .debug_macro   0x0000baba       0xe7 ./src/i2c/stm32f4_i2c_Driver.o
 .debug_macro   0x0000bba1      0x62f ./src/i2c/stm32f4_i2c_Driver.o
 .debug_macro   0x0000c1d0      0x57b ./src/i2c/stm32f4_i2c_Driver.o
 .debug_macro   0x0000c74b      0x342 ./src/i2c/stm32f4_i2c_Driver.o
 .debug_macro   0x0000ca8d      0x36c ./src/i2c/stm32f4_i2c_Driver.o
 .debug_macro   0x0000cdf9       0xf7 ./src/i2c/stm32f4_i2c_Driver.o
 .debug_macro   0x0000cef0      0x73b ./src/i2c/stm32f4_i2c_Driver.o
 .debug_macro   0x0000d62b      0x223 ./src/i2c/stm32f4_i2c_Driver.o
 .debug_macro   0x0000d84e       0x34 ./src/i2c/stm32f4_i2c_Driver.o
 .debug_macro   0x0000d882       0x82 ./src/i2c/stm32f4_i2c_Driver.o
 .debug_macro   0x0000d904      0x144 ./src/i2c/stm32f4_i2c_Driver.o
 .debug_macro   0x0000da48       0xc3 ./src/i2c/stm32f4_i2c_Driver.o
 .debug_macro   0x0000db0b       0x40 ./src/i2c/stm32f4_i2c_Driver.o
 .debug_macro   0x0000db4b      0x3cf ./src/i2c/stm32f4_i2c_Driver.o
 .debug_macro   0x0000df1a      0x188 ./src/i2c/stm32f4_i2c_Driver.o
 .debug_macro   0x0000e0a2      0x149 ./src/i2c/stm32f4_i2c_Driver.o
 .debug_macro   0x0000e1eb      0x279 ./src/i2c/stm32f4_i2c_Driver.o
 .debug_macro   0x0000e464       0x35 ./src/i2c/stm32f4_i2c_Driver.o
 .debug_macro   0x0000e499       0x3a ./src/i2c/stm32f4_i2c_Driver.o
 .debug_macro   0x0000e4d3      0x1bc ./src/STM32F4_LiquidCrystal_Driver.o
 .debug_macro   0x0000e68f       0xc4 ./src/STM32F4_LiquidCrystal_Driver.o
 .debug_macro   0x0000e753      0x1ad ./src/STM32F4_UART_Driver.o
 .debug_macro   0x0000e900       0x70 ./src/STM32F4_UART_Driver.o
 .debug_macro   0x0000e970      0x29a ./src/main.o
 .debug_macro   0x0000ec0a       0x40 ./src/main.o
 .debug_macro   0x0000ec4a       0x76 ./src/main.o
 .debug_macro   0x0000ecc0       0x58 ./src/main.o
 .debug_macro   0x0000ed18       0x35 ./src/main.o
 .debug_macro   0x0000ed4d       0x9c ./src/main.o
 .debug_macro   0x0000ede9       0x16 ./src/main.o
 .debug_macro   0x0000edff       0x97 ./src/main.o
 .debug_macro   0x0000ee96      0x27a ./src/main.o
 .debug_macro   0x0000f110       0xf6 ./src/main.o
 .debug_macro   0x0000f206       0x10 ./src/main.o
 .debug_macro   0x0000f216       0x52 ./src/main.o
 .debug_macro   0x0000f268       0x16 ./src/main.o
 .debug_macro   0x0000f27e       0x43 ./src/main.o
 .debug_macro   0x0000f2c1      0x180 ./src/main.o
 .debug_macro   0x0000f441       0x10 ./src/main.o
 .debug_macro   0x0000f451       0x22 ./src/main.o
 .debug_macro   0x0000f473       0xbd ./src/main.o
 .debug_macro   0x0000f530       0x16 ./src/main.o
 .debug_macro   0x0000f546      0x16d ./src/main.o
 .debug_macro   0x0000f6b3      0x1ae ./libs/StdPeriph/src/misc.o
 .debug_macro   0x0000f861       0x7c ./libs/StdPeriph/src/misc.o
 .debug_macro   0x0000f8dd      0x1a8 ./libs/StdPeriph/src/stm32f4xx_gpio.o
 .debug_macro   0x0000fa85      0x2b6 ./libs/StdPeriph/src/stm32f4xx_gpio.o
 .debug_macro   0x0000fd3b      0x1ba ./libs/StdPeriph/src/stm32f4xx_i2c.o
 .debug_macro   0x0000fef5      0x2b5 ./libs/StdPeriph/src/stm32f4xx_i2c.o
 .debug_macro   0x000101aa      0x272 ./libs/StdPeriph/src/stm32f4xx_rcc.o
 .debug_macro   0x0001041c      0x629 ./libs/StdPeriph/src/stm32f4xx_rcc.o
 .debug_macro   0x00010a45      0x1c0 ./libs/StdPeriph/src/stm32f4xx_usart.o
 .debug_macro   0x00010c05      0x21d ./libs/StdPeriph/src/stm32f4xx_usart.o
 .debug_macro   0x00010e22       0xa6 ./libs/CMSIS/src/startup_cm.o
 .debug_macro   0x00010ec8      0x19e ./libs/CMSIS/src/startup_stm32f4xx.o
 .debug_macro   0x00011066      0x1c2 ./libs/CMSIS/src/system_stm32f4xx.o
 .debug_macro   0x00011228       0x11 ./libs/CMSIS/src/vectors_stm32f4xx.o
